// Jest Snapshot v1, https://goo.gl/fbAQLP

exports[`Title should render the Title Component correctly 1`] = `
<h1>
  Test Title
</h1>
`;
